7ckgnn4wyi495puj3ibqf81dqvapyv6b
6
2
6
8
2
2
2
5
8
4
6
5
4
3
3
7
7
2
2
1
17
28
19
8
16
69
586
77
13
3
22
27
17
2
6
2
6
5
6
3
6
2
5
3
4
2
7
5
5
8
7
7
2
