7ckgnn4wyi495puj3ibqf81dqvapyv6b
7
9
9
6
8
9
9
8
9
8
8
9
9
9
9
7
9
8
9
9
36
38
37
39
37
93
998
97
38
38
39
39
39
8
9
9
7
8
9
6
5
7
9
8
8
9
9
8
9
8
8
9
8
