7ckgnn4wyi495puj3ibqf81dqvapyv6b
7
8
7
8
9
9
3
8
9
9
8
8
9
8
5
4
8
9
6
6
21
35
37
36
27
47
900
94
20
1
35
29
25
1
7
9
4
6
8
9
9
7
6
6
5
6
8
7
6
4
2
8
8
