7ckgnn4wyi495puj3ibqf81dqvapyv6b
9
7
5
7
6
8
6
8
7
6
4
5
8
6
9
7
7
6
8
7
30
29
24
20
22
59
567
58
33
25
30
37
34
7
3
8
4
8
7
6
4
5
7
6
6
8
4
6
5
7
6
9
6
