7ckgnn4wyi495puj3ibqf81dqvapyv6b
3
2
5
6
2
7
4
7
1
2
2
4
3
8
1
7
2
3
6
7
21
21
31
24
22
70
725
56
17
23
22
27
21
3
7
8
5
1
5
5
5
7
2
8
3
4
3
7
4
6
2
1
3
