7ckgnn4wyi495puj3ibqf81dqvapyv6b
9
6
6
3
2
6
6
6
6
4
5
6
7
3
1
3
2
4
6
7
26
21
32
7
9
7
592
16
10
21
16
14
26
4
6
1
5
6
7
4
6
2
7
1
3
9
6
1
2
6
5
4
2
