7ckgnn4wyi495puj3ibqf81dqvapyv6b
8
8
9
6
5
4
8
8
5
7
3
7
3
7
2
2
8
4
7
2
7
17
18
12
29
71
432
43
31
11
14
20
23
2
4
4
2
2
7
6
4
2
5
3
5
5
4
5
2
7
6
1
6
