7ckgnn4wyi495puj3ibqf81dqvapyv6b
6
6
4
5
6
6
3
8
4
3
8
2
6
3
5
7
4
4
5
6
13
7
32
32
20
9
582
27
30
25
9
27
18
2
2
7
7
7
2
5
4
6
1
6
5
6
7
3
3
6
2
5
4
