7ckgnn4wyi495puj3ibqf81dqvapyv6b
8
8
4
8
9
8
7
9
7
9
5
9
5
7
8
9
9
9
7
9
37
38
36
33
32
86
917
82
36
37
38
35
37
7
9
8
9
9
9
6
8
7
5
7
8
7
7
8
7
6
9
8
6
