7ckgnn4wyi495puj3ibqf81dqvapyv6b
5
1
9
6
6
2
6
2
4
7
5
6
6
4
3
3
7
5
6
7
3
9
7
8
5
51
698
47
6
6
10
28
24
5
1
5
4
6
3
3
2
6
3
6
1
7
5
3
6
4
4
1
5
