7ckgnn4wyi495puj3ibqf81dqvapyv6b
4
1
8
7
1
7
5
3
5
1
7
4
4
7
9
2
6
4
8
4
6
8
22
23
30
78
852
78
32
29
28
13
34
7
8
7
7
8
3
3
7
9
7
5
9
8
6
8
7
9
8
8
9
