7ckgnn4wyi495puj3ibqf81dqvapyv6b
6
5
3
8
4
1
5
2
6
7
4
1
2
3
5
6
4
6
2
5
27
7
14
26
29
68
721
69
29
28
20
18
20
6
6
6
6
5
1
8
6
5
2
8
5
4
2
7
8
6
4
5
3
