7ckgnn4wyi495puj3ibqf81dqvapyv6b
6
5
4
1
1
3
6
3
4
5
2
7
7
2
2
9
5
6
6
1
23
18
8
30
26
68
684
24
26
28
16
31
24
7
8
7
5
5
2
9
2
3
2
3
7
4
7
2
6
3
4
2
5
