7ckgnn4wyi495puj3ibqf81dqvapyv6b
8
3
9
7
7
9
6
4
5
6
5
7
6
8
7
7
6
7
7
5
19
23
33
38
27
75
833
80
21
30
34
17
30
6
3
7
7
6
8
5
4
9
7
7
7
8
4
8
6
6
8
8
8
