7ckgnn4wyi495puj3ibqf81dqvapyv6b
8
6
1
1
2
8
6
8
5
6
7
6
9
4
7
9
1
8
8
7
36
37
36
34
32
33
863
90
38
31
37
37
31
9
7
5
6
8
4
8
4
8
9
8
5
9
2
7
6
4
8
7
7
