7ckgnn4wyi495puj3ibqf81dqvapyv6b
7
6
7
7
5
3
5
4
6
5
4
5
2
7
8
6
2
4
5
8
11
3
14
27
10
34
674
6
17
8
13
13
5
4
4
6
5
6
6
4
7
1
3
1
7
3
7
7
4
1
7
8
1
