7ckgnn4wyi495puj3ibqf81dqvapyv6b
5
7
7
1
7
4
8
6
3
6
2
3
3
4
3
6
2
3
1
6
4
18
8
8
28
1
297
48
27
31
29
23
24
7
4
1
3
5
2
2
5
8
3
5
1
2
8
4
4
5
2
6
4
