7ckgnn4wyi495puj3ibqf81dqvapyv6b
8
2
9
7
9
8
9
6
9
8
8
9
9
9
3
6
9
9
9
7
39
27
36
36
36
99
37
97
38
36
36
36
26
9
9
8
9
8
9
8
7
9
5
8
7
9
6
7
9
7
9
8
2
