7ckgnn4wyi495puj3ibqf81dqvapyv6b
4
6
5
5
4
3
8
4
5
7
5
6
5
8
9
2
5
7
2
5
19
24
3
13
18
54
739
41
18
12
16
19
19
6
1
2
5
8
6
3
2
6
7
3
4
4
1
6
5
3
1
2
3
