7ckgnn4wyi495puj3ibqf81dqvapyv6b
7
6
8
9
9
8
7
6
9
8
6
8
7
7
6
7
7
8
9
9
35
34
36
32
32
95
957
93
30
32
30
34
36
4
7
7
8
6
8
8
7
9
8
7
8
8
9
8
9
8
8
8
8
