7ckgnn4wyi495puj3ibqf81dqvapyv6b
5
6
4
5
5
7
7
6
1
6
4
4
4
5
6
5
5
5
2
5
2
30
25
31
2
71
619
33
29
15
27
21
23
6
6
4
7
8
3
6
4
4
4
7
4
2
5
4
1
7
7
5
6
