7ckgnn4wyi495puj3ibqf81dqvapyv6b
8
8
3
7
8
5
4
3
7
7
8
6
9
5
3
8
3
1
6
4
35
34
25
9
30
2
309
61
9
21
32
8
31
5
6
8
8
8
7
7
8
8
2
7
7
6
2
7
7
2
3
5
8
