7ckgnn4wyi495puj3ibqf81dqvapyv6b
9
7
8
9
1
7
1
9
6
8
6
9
9
4
9
7
9
3
8
9
32
39
38
35
38
88
996
98
39
23
38
38
39
6
1
7
7
9
7
6
6
1
4
9
6
3
9
4
9
7
8
9
5
