7ckgnn4wyi495puj3ibqf81dqvapyv6b
9
9
8
7
8
9
9
9
9
9
8
7
8
9
9
9
9
5
8
9
38
38
38
38
37
89
998
99
39
38
38
39
37
8
9
5
6
9
9
8
9
9
8
9
8
5
7
8
8
9
9
8
9
